Component: Arm Compiler for Embedded 6.22 Tool: armlink [5ee90200]

==============================================================================

Section Cross References

    main.o(.text.printString) refers to outchar.o(.text) for OutChar
    main.o(.ARM.exidx.text.printString) refers to main.o(.text.printString) for [Anonymous Symbol]
    main.o(.text.printInt) refers to outchar.o(.text) for OutChar
    main.o(.ARM.exidx.text.printInt) refers to main.o(.text.printInt) for [Anonymous Symbol]
    main.o(.text.printNumber) refers to main.o(.text.printInt) for printInt
    main.o(.ARM.exidx.text.printNumber) refers to main.o(.text.printNumber) for [Anonymous Symbol]
    main.o(.text.printFloat) refers to outchar.o(.text) for OutChar
    main.o(.text.printFloat) refers to main.o(.text.printInt) for printInt
    main.o(.ARM.exidx.text.printFloat) refers to main.o(.text.printFloat) for [Anonymous Symbol]
    main.o(.text.AnalogComparator_Init) refers to main.o(.text.__NVIC_EnableIRQ) for __NVIC_EnableIRQ
    main.o(.ARM.exidx.text.AnalogComparator_Init) refers to main.o(.text.AnalogComparator_Init) for [Anonymous Symbol]
    main.o(.ARM.exidx.text.__NVIC_EnableIRQ) refers to main.o(.text.__NVIC_EnableIRQ) for [Anonymous Symbol]
    main.o(.text.EnterDeepSleep) refers to nokia5110.o(.text.Nokia5110_Clear) for Nokia5110_Clear
    main.o(.text.EnterDeepSleep) refers to main.o(.data.TEMP_THRESHOLD) for TEMP_THRESHOLD
    main.o(.text.EnterDeepSleep) refers to f2d.o(x$fpl$f2d) for __aeabi_f2d
    main.o(.text.EnterDeepSleep) refers to main.o(.rodata.str1.1) for .L.str
    main.o(.text.EnterDeepSleep) refers to sprintf.o(.text) for sprintf
    main.o(.text.EnterDeepSleep) refers to nokia5110.o(.text.Nokia5110_OutString) for Nokia5110_OutString
    main.o(.text.EnterDeepSleep) refers to main.o(.text.printString) for printString
    main.o(.text.EnterDeepSleep) refers to main.o(.text.__NVIC_EnableIRQ) for __NVIC_EnableIRQ
    main.o(.ARM.exidx.text.EnterDeepSleep) refers to main.o(.text.EnterDeepSleep) for [Anonymous Symbol]
    main.o(.text.COMP0_Handler) refers to main.o(.rodata.str1.1) for .L.str.2
    main.o(.text.COMP0_Handler) refers to main.o(.text.printString) for printString
    main.o(.ARM.exidx.text.COMP0_Handler) refers to main.o(.text.COMP0_Handler) for [Anonymous Symbol]
    main.o(.ARM.exidx.text.I2C0_Init) refers to main.o(.text.I2C0_Init) for [Anonymous Symbol]
    main.o(.text.BMP280_Init) refers to main.o(.text.I2C0_Init) for I2C0_Init
    main.o(.text.BMP280_Init) refers to main.o(.text.I2C_ReadRegister) for I2C_ReadRegister
    main.o(.text.BMP280_Init) refers to main.o(.bss.dig_T1) for dig_T1
    main.o(.text.BMP280_Init) refers to main.o(.bss.dig_T2) for dig_T2
    main.o(.text.BMP280_Init) refers to main.o(.bss.dig_T3) for dig_T3
    main.o(.text.BMP280_Init) refers to main.o(.text.I2C_WriteRegister) for I2C_WriteRegister
    main.o(.ARM.exidx.text.BMP280_Init) refers to main.o(.text.BMP280_Init) for [Anonymous Symbol]
    main.o(.ARM.exidx.text.I2C_ReadRegister) refers to main.o(.text.I2C_ReadRegister) for [Anonymous Symbol]
    main.o(.ARM.exidx.text.I2C_WriteRegister) refers to main.o(.text.I2C_WriteRegister) for [Anonymous Symbol]
    main.o(.text.BMP280_ReadTemperature) refers to main.o(.text.I2C_ReadRegister) for I2C_ReadRegister
    main.o(.text.BMP280_ReadTemperature) refers to main.o(.bss.dig_T1) for dig_T1
    main.o(.text.BMP280_ReadTemperature) refers to main.o(.bss.dig_T2) for dig_T2
    main.o(.text.BMP280_ReadTemperature) refers to main.o(.bss.dig_T3) for dig_T3
    main.o(.text.BMP280_ReadTemperature) refers to f2d.o(x$fpl$f2d) for __aeabi_f2d
    main.o(.text.BMP280_ReadTemperature) refers to ddiv.o(x$fpl$ddiv) for __aeabi_ddiv
    main.o(.text.BMP280_ReadTemperature) refers to d2f.o(x$fpl$d2f) for __aeabi_d2f
    main.o(.ARM.exidx.text.BMP280_ReadTemperature) refers to main.o(.text.BMP280_ReadTemperature) for [Anonymous Symbol]
    main.o(.text.BMP280_FilteredTemperature) refers to main.o(.text.BMP280_ReadTemperature) for BMP280_ReadTemperature
    main.o(.text.BMP280_FilteredTemperature) refers to main.o(.bss.bufferIndex) for bufferIndex
    main.o(.text.BMP280_FilteredTemperature) refers to main.o(.bss.temperatureBuffer) for temperatureBuffer
    main.o(.text.BMP280_FilteredTemperature) refers to main.o(.bss.readingsCount) for readingsCount
    main.o(.ARM.exidx.text.BMP280_FilteredTemperature) refers to main.o(.text.BMP280_FilteredTemperature) for [Anonymous Symbol]
    main.o(.text.I2C0_Handler) refers to main.o(.text.BMP280_FilteredTemperature) for BMP280_FilteredTemperature
    main.o(.ARM.exidx.text.I2C0_Handler) refers to main.o(.text.I2C0_Handler) for [Anonymous Symbol]
    main.o(.ARM.exidx.text.DistanceSensor_Init) refers to main.o(.text.DistanceSensor_Init) for [Anonymous Symbol]
    main.o(.text.TimerWT0_Init) refers to main.o(.text.__NVIC_EnableIRQ) for __NVIC_EnableIRQ
[...]
    .text                                    0x00000864   Section        0  _printf_longlong_dec.o(.text)
    _printf_longlong_oct_internal            0x000008e1   Thumb Code     0  _printf_oct_int_ll.o(.text)
    .text                                    0x000008e0   Section        0  _printf_oct_int_ll.o(.text)
    _printf_hex_common                       0x00000951   Thumb Code     0  _printf_hex_int_ll_ptr.o(.text)
    .text                                    0x00000950   Section        0  _printf_hex_int_ll_ptr.o(.text)
    .text                                    0x000009e4   Section        0  __printf_flags_ss_wp.o(.text)
    .text                                    0x00000b6c   Section      138  lludiv10.o(.text)
    .text                                    0x00000bf6   Section        0  _printf_intcommon.o(.text)
    _fp_digits                               0x00000ca9   Thumb Code   432  _printf_fp_dec.o(.text)
    .text                                    0x00000ca8   Section        0  _printf_fp_dec.o(.text)
    .text                                    0x000010c4   Section        0  _printf_fp_hex.o(.text)
    .text                                    0x000013c0   Section        0  _printf_char.o(.text)
    .text                                    0x000013ec   Section        0  _printf_wchar.o(.text)
    .text                                    0x00001418   Section        0  _c16rtomb.o(.text)
    .text                                    0x00001460   Section       74  sys_stackheap_outer.o(.text)
    .text                                    0x000014ac   Section       16  rt_ctype_table.o(.text)
    .text                                    0x000014bc   Section        8  rt_locale_intlibspace.o(.text)
    .text                                    0x000014c4   Section        0  _printf_fp_infnan.o(.text)
    .text                                    0x00001544   Section        0  bigflt0.o(.text)
    .text                                    0x00001628   Section        0  exit.o(.text)
    .text                                    0x0000163c   Section        8  libspace.o(.text)
    .text                                    0x00001648   Section      124  strcmpv7em.o(.text)
    .text                                    0x000016c4   Section        0  sys_exit.o(.text)
    .text                                    0x000016d0   Section        2  use_no_semi.o(.text)
    .text                                    0x000016d2   Section        0  indicate_semi.o(.text)
    [Anonymous Symbol]                       0x000016d4   Section        0  main.o(.text.AnalogComparator_Init)
    [Anonymous Symbol]                       0x000017a4   Section        0  main.o(.text.BMP280_FilteredTemperature)
    [Anonymous Symbol]                       0x00001868   Section        0  main.o(.text.BMP280_Init)
    [Anonymous Symbol]                       0x00001900   Section        0  main.o(.text.BMP280_ReadTemperature)
    [Anonymous Symbol]                       0x000019e0   Section        0  main.o(.text.COMP0_Handler)
    [Anonymous Symbol]                       0x00001a00   Section        0  main.o(.text.DistanceSensor_Init)
    [Anonymous Symbol]                       0x00001a8c   Section        0  main.o(.text.EnterDeepSleep)
    [Anonymous Symbol]                       0x00001afc   Section        0  main.o(.text.GPIOE_Handler)
    [Anonymous Symbol]                       0x00001c50   Section        0  main.o(.text.I2C0_Handler)
    [Anonymous Symbol]                       0x00001c64   Section        0  main.o(.text.I2C0_Init)
    [Anonymous Symbol]                       0x00001d04   Section        0  main.o(.text.I2C_ReadRegister)
    [Anonymous Symbol]                       0x00001d80   Section        0  main.o(.text.I2C_WriteRegister)
    [Anonymous Symbol]                       0x00001df0   Section        0  main.o(.text.LedSpeaker_Init)
    [Anonymous Symbol]                       0x00001e48   Section        0  nokia5110.o(.text.Nokia5110_Clear)
    [Anonymous Symbol]                       0x00001e78   Section        0  nokia5110.o(.text.Nokia5110_ClearBuffer)
    [Anonymous Symbol]                       0x00001ea8   Section        0  nokia5110.o(.text.Nokia5110_DisplayBuffer)
    [Anonymous Symbol]                       0x00001eb8   Section        0  nokia5110.o(.text.Nokia5110_DrawFullImage)
    [Anonymous Symbol]                       0x00001ef0   Section        0  nokia5110.o(.text.Nokia5110_Init)
    [Anonymous Symbol]                       0x00002050   Section        0  nokia5110.o(.text.Nokia5110_OutChar)
    [Anonymous Symbol]                       0x000020a0   Section        0  nokia5110.o(.text.Nokia5110_OutString)
    [Anonymous Symbol]                       0x000020c4   Section        0  nokia5110.o(.text.Nokia5110_SetCursor)
    [Anonymous Symbol]                       0x00002110   Section        0  nokia5110.o(.text.Nokia5110_SetPxl)
    [Anonymous Symbol]                       0x00002144   Section        0  main.o(.text.PlaySquareWave)
    [Anonymous Symbol]                       0x000021b0   Section        0  main.o(.text.PushButtons_Init)
    [Anonymous Symbol]                       0x00002248   Section        0  main.o(.text.RGB_Init)
    [Anonymous Symbol]                       0x000022b8   Section        0  main.o(.text.Set_RGB_Color)
    [Anonymous Symbol]                       0x00002328   Section        0  main.o(.text.StandbyMode)
    [Anonymous Symbol]                       0x0000239c   Section        0  main.o(.text.StepperMotor_Scan)
    [Anonymous Symbol]                       0x0000268c   Section        0  main.o(.text.Stepper_Init)
    [Anonymous Symbol]                       0x000026e4   Section        0  system_tm4c123.o(.text.SystemInit)
    [Anonymous Symbol]                       0x000026f8   Section        0  main.o(.text.TimerWT0_Init)
    [Anonymous Symbol]                       0x0000278c   Section        0  main.o(.text.TriggerPulse)
    [Anonymous Symbol]                       0x000027c8   Section        0  main.o(.text.TurnOffPowerLED)
    [Anonymous Symbol]                       0x000027dc   Section        0  main.o(.text.TurnOnPowerLED)
    [Anonymous Symbol]                       0x000027f0   Section        0  main.o(.text.WTIMER0A_Handler)
    __NVIC_DisableIRQ                        0x000028f1   Thumb Code    56  main.o(.text.__NVIC_DisableIRQ)
    [Anonymous Symbol]                       0x000028f0   Section        0  main.o(.text.__NVIC_DisableIRQ)
    __NVIC_EnableIRQ                         0x00002929   Thumb Code    48  main.o(.text.__NVIC_EnableIRQ)
    [Anonymous Symbol]                       0x00002928   Section        0  main.o(.text.__NVIC_EnableIRQ)
    [Anonymous Symbol]                       0x00002958   Section        0  main.o(.text.dynamicPlot)
    lcddatawrite                             0x000029ed   Thumb Code    58  nokia5110.o(.text.lcddatawrite)
    [Anonymous Symbol]                       0x000029ec   Section        0  nokia5110.o(.text.lcddatawrite)
    lcdwrite                                 0x00002a29   Thumb Code   144  nokia5110.o(.text.lcdwrite)
    [Anonymous Symbol]                       0x00002a28   Section        0  nokia5110.o(.text.lcdwrite)
    [Anonymous Symbol]                       0x00002ab8   Section        0  main.o(.text.main)
    [Anonymous Symbol]                       0x00002c78   Section        0  main.o(.text.mapAngleToX)
    [Anonymous Symbol]                       0x00002c9c   Section        0  main.o(.text.mapDistanceToY)
    [Anonymous Symbol]                       0x00002cd0   Section        0  main.o(.text.printFloat)
    [Anonymous Symbol]                       0x00002d68   Section        0  main.o(.text.printInt)
    [Anonymous Symbol]                       0x00002de8   Section        0  main.o(.text.printString)
    CL$$btod_d2e                             0x00002e0c   Section       62  btod.o(CL$$btod_d2e)
    CL$$btod_d2e_denorm_low                  0x00002e4a   Section       70  btod.o(CL$$btod_d2e_denorm_low)
    CL$$btod_d2e_norm_op1                    0x00002e90   Section       96  btod.o(CL$$btod_d2e_norm_op1)
    CL$$btod_div_common                      0x00002ef0   Section      824  btod.o(CL$$btod_div_common)
    CL$$btod_e2e                             0x00003228   Section      220  btod.o(CL$$btod_e2e)
    CL$$btod_ediv                            0x00003304   Section       42  btod.o(CL$$btod_ediv)
    CL$$btod_emul                            0x0000332e   Section       42  btod.o(CL$$btod_emul)
    CL$$btod_mult_common                     0x00003358   Section      580  btod.o(CL$$btod_mult_common)
    $v0                                      0x0000359c   Number         0  timer_init.o(Timer5Code)
    Timer5Code                               0x0000359c   Section      176  timer_init.o(Timer5Code)
    i.__ARM_fpclassify                       0x0000364c   Section        0  fpclassify.o(i.__ARM_fpclassify)
    i._is_digit                              0x0000367c   Section        0  __printf_wp.o(i._is_digit)
    locale$$code                             0x0000368c   Section       44  lc_numeric_c.o(locale$$code)
    locale$$code                             0x000036b8   Section       44  lc_ctype_c.o(locale$$code)
    $v0                                      0x000036e4   Number         0  d2f.o(x$fpl$d2f)
    x$fpl$d2f                                0x000036e4   Section       98  d2f.o(x$fpl$d2f)
    $v0                                      0x00003748   Number         0  ddiv.o(x$fpl$ddiv)
    x$fpl$ddiv                               0x00003748   Section      696  ddiv.o(x$fpl$ddiv)
    ddiv_entry                               0x0000374f   Thumb Code     0  ddiv.o(x$fpl$ddiv)
    $v0                                      0x00003a00   Number         0  dfixu.o(x$fpl$dfixu)
    x$fpl$dfixu                              0x00003a00   Section       90  dfixu.o(x$fpl$dfixu)
    $v0                                      0x00003a5a   Number         0  dflt_clz.o(x$fpl$dfltu)
    x$fpl$dfltu                              0x00003a5a   Section       38  dflt_clz.o(x$fpl$dfltu)
    $v0                                      0x00003a80   Number         0  dmul.o(x$fpl$dmul)
    x$fpl$dmul                               0x00003a80   Section      340  dmul.o(x$fpl$dmul)
    $v0                                      0x00003bd4   Number         0  dnaninf.o(x$fpl$dnaninf)
    x$fpl$dnaninf                            0x00003bd4   Section      156  dnaninf.o(x$fpl$dnaninf)
    $v0                                      0x00003c70   Number         0  dretinf.o(x$fpl$dretinf)
    x$fpl$dretinf                            0x00003c70   Section       12  dretinf.o(x$fpl$dretinf)
    $v0                                      0x00003c7c   Number         0  f2d.o(x$fpl$f2d)
    x$fpl$f2d                                0x00003c7c   Section       86  f2d.o(x$fpl$f2d)
    $v0                                      0x00003cd2   Number         0  fnaninf.o(x$fpl$fnaninf)
    x$fpl$fnaninf                            0x00003cd2   Section      140  fnaninf.o(x$fpl$fnaninf)
    $v0                                      0x00003d5e   Number         0  fpinit.o(x$fpl$fpinit)
    x$fpl$fpinit                             0x00003d5e   Section       26  fpinit.o(x$fpl$fpinit)
    $v0                                      0x00003d78   Number         0  fretinf.o(x$fpl$fretinf)
    x$fpl$fretinf                            0x00003d78   Section       10  fretinf.o(x$fpl$fretinf)
    $v0                                      0x00003d82   Number         0  printf1.o(x$fpl$printf1)
    x$fpl$printf1                            0x00003d82   Section        4  printf1.o(x$fpl$printf1)
    $v0                                      0x00003d86   Number         0  printf2.o(x$fpl$printf2)
    x$fpl$printf2                            0x00003d86   Section        4  printf2.o(x$fpl$printf2)
    x$fpl$usenofp                            0x00003d8a   Section        0  usenofp.o(x$fpl$usenofp)
    initial_mbstate                          0x00003d8c   Data           8  _printf_wctomb.o(.constdata)
    .constdata                               0x00003d8c   Section        8  _printf_wctomb.o(.constdata)
    uc_hextab                                0x00003d94   Data          20  _printf_hex_int_ll_ptr.o(.constdata)
    .constdata                               0x00003d94   Section       40  _printf_hex_int_ll_ptr.o(.constdata)
    lc_hextab                                0x00003da8   Data          20  _printf_hex_int_ll_ptr.o(.constdata)
    maptable                                 0x00003dbc   Data          17  __printf_flags_ss_wp.o(.constdata)
    .constdata                               0x00003dbc   Section       17  __printf_flags_ss_wp.o(.constdata)
    lc_hextab                                0x00003dcd   Data          19  _printf_fp_hex.o(.constdata)
    .constdata                               0x00003dcd   Section       38  _printf_fp_hex.o(.constdata)
    uc_hextab                                0x00003de0   Data          19  _printf_fp_hex.o(.constdata)
    tenpwrs_x                                0x00003df4   Data          60  bigflt0.o(.constdata)
    .constdata                               0x00003df4   Section      148  bigflt0.o(.constdata)
    tenpwrs_i                                0x00003e30   Data          64  bigflt0.o(.constdata)
    ASCII                                    0x00003e88   Data         480  nokia5110.o(.rodata.ASCII)
    [Anonymous Symbol]                       0x00003e88   Section        0  nokia5110.o(.rodata.ASCII)
    .L.str.12                                0x00004074   Data          45  main.o(.rodata.str1.1)
    [Anonymous Symbol]                       0x00004074   Section        0  main.o(.rodata.str1.1)
    .L.str.13                                0x000040a1   Data          25  main.o(.rodata.str1.1)
    .L.str.16                                0x000040ba   Data          42  main.o(.rodata.str1.1)
    .L.str.14                                0x000040e4   Data          33  main.o(.rodata.str1.1)
    .L.str.8                                 0x00004105   Data          45  main.o(.rodata.str1.1)
    .L.str.1                                 0x00004119   Data          25  main.o(.rodata.str1.1)
    .L.str.2                                 0x00004132   Data          53  main.o(.rodata.str1.1)
    .L.str.9                                 0x00004167   Data          47  main.o(.rodata.str1.1)
    .L.str.15                                0x00004196   Data          37  main.o(.rodata.str1.1)
    .L.str.6                                 0x000041bb   Data           5  main.o(.rodata.str1.1)
    .L.str.11                                0x000041c0   Data          22  main.o(.rodata.str1.1)
    .L.str.7                                 0x000041d6   Data          30  main.o(.rodata.str1.1)
    .L.str.5                                 0x000041f4   Data          30  main.o(.rodata.str1.1)
    .L.str.4                                 0x00004212   Data          10  main.o(.rodata.str1.1)
    .L.str                                   0x0000421c   Data          12  main.o(.rodata.str1.1)
    .L.str.10                                0x00004228   Data          11  main.o(.rodata.str1.1)
    .L.str.3                                 0x00004233   Data          26  main.o(.rodata.str1.1)
    .L.str.17                                0x00004266   Data           6  main.o(.rodata.str1.1)
    locale$$data                             0x00004274   Section       28  lc_numeric_c.o(locale$$data)
    __lcnum_c_name                           0x00004278   Data           2  lc_numeric_c.o(locale$$data)
    __lcnum_c_start                          0x00004280   Data           0  lc_numeric_c.o(locale$$data)
    __lcnum_c_point                          0x0000428c   Data           0  lc_numeric_c.o(locale$$data)
    __lcnum_c_thousands                      0x0000428e   Data           0  lc_numeric_c.o(locale$$data)
    __lcnum_c_grouping                       0x0000428f   Data           0  lc_numeric_c.o(locale$$data)
    __lcnum_c_end                            0x00004290   Data           0  lc_numeric_c.o(locale$$data)
    locale$$data                             0x00004290   Section      272  lc_ctype_c.o(locale$$data)
    __lcctype_c_name                         0x00004294   Data           2  lc_ctype_c.o(locale$$data)
    __lcctype_c_start                        0x0000429c   Data           0  lc_ctype_c.o(locale$$data)
    __lcctype_c_end                          0x000043a0   Data           0  lc_ctype_c.o(locale$$data)
    WTIMER0A_Handler.is_rising_edge          0x20000004   Data           4  main.o(.data.WTIMER0A_Handler.is_rising_edge)
    [Anonymous Symbol]                       0x20000004   Section        0  main.o(.data.WTIMER0A_Handler.is_rising_edge)
    .bss                                     0x20000010   Section       96  libspace.o(.bss)
    bufferIndex                              0x2000056a   Data           1  main.o(.bss.bufferIndex)
    [Anonymous Symbol]                       0x2000056a   Section        0  main.o(.bss.bufferIndex)
    dig_T1                                   0x2000056c   Data           2  main.o(.bss.dig_T1)
    [Anonymous Symbol]                       0x2000056c   Section        0  main.o(.bss.dig_T1)
    dig_T2                                   0x2000056e   Data           2  main.o(.bss.dig_T2)
    [Anonymous Symbol]                       0x2000056e   Section        0  main.o(.bss.dig_T2)
    dig_T3                                   0x20000570   Data           2  main.o(.bss.dig_T3)
    [Anonymous Symbol]                       0x20000570   Section        0  main.o(.bss.dig_T3)
    readingsCount                            0x200006e8   Data           1  main.o(.bss.readingsCount)
    [Anonymous Symbol]                       0x200006e8   Section        0  main.o(.bss.readingsCount)
    temperatureBuffer                        0x200006f0   Data         512  main.o(.bss.temperatureBuffer)
    [Anonymous Symbol]                       0x200006f0   Section        0  main.o(.bss.temperatureBuffer)
    Heap_Mem                                 0x200008f0   Data           0  startup_tm4c123.o(HEAP)
    Stack_Mem                                0x200008f0   Data         512  startup_tm4c123.o(STACK)
    HEAP                                     0x200008f0   Section        0  startup_tm4c123.o(HEAP)
    STACK                                    0x200008f0   Section      512  startup_tm4c123.o(STACK)
    __initial_sp                             0x20000af0   Data           0  startup_tm4c123.o(STACK)

    Global Symbols

    Symbol Name                              Value     Ov Type        Size  Object(Section)

    BuildAttributes$$THM_ISAv4$E$P$D$K$B$S$7EM$VFPi3$EXTD16$VFPS$VFMA$PE$A:L22UL41UL21$X:L11$S22US41US21$IEEE1$IW$~IW$USESV6$~STKCKD$USESV7$~SHL$OTIME$ROPI$IEEEJ$EBA8$UX$STANDARDLIB$REQ8$EABIv2 0x00000000   Number         0  anon$$obj.o ABSOLUTE
    __Vectors                                0x00000000   Data           4  startup_tm4c123.o(RESET)
    _printf_flags                            0x00000000   Number         0  printf_stubs.o ABSOLUTE
    _printf_return_value                     0x00000000   Number         0  printf_stubs.o ABSOLUTE
    _printf_sizespec                         0x00000000   Number         0  printf_stubs.o ABSOLUTE
    _printf_widthprec                        0x00000000   Number         0  printf_stubs.o ABSOLUTE
    __ARM_exceptions_init                     - Undefined Weak Reference
    __alloca_initialize                       - Undefined Weak Reference
    __arm_preinit_                            - Undefined Weak Reference
    __arm_relocate_pie_                       - Undefined Weak Reference
    __cpp_initialize__aeabi_                  - Undefined Weak Reference
    __cxa_finalize                            - Undefined Weak Reference
    __sigvec_lookup                           - Undefined Weak Reference
    _atexit_init                              - Undefined Weak Reference
    _call_atexit_fns                          - Undefined Weak Reference
    _clock_init                               - Undefined Weak Reference
    _fp_trap_init                             - Undefined Weak Reference
    _fp_trap_shutdown                         - Undefined Weak Reference
    _get_lc_collate                           - Undefined Weak Reference
    _get_lc_monetary                          - Undefined Weak Reference
    _get_lc_time                              - Undefined Weak Reference
    _getenv_init                              - Undefined Weak Reference
    _handle_redirection                       - Undefined Weak Reference
    _init_alloc                               - Undefined Weak Reference
    _init_user_alloc                          - Undefined Weak Reference
    _initio                                   - Undefined Weak Reference
    _printf_mbtowc                            - Undefined Weak Reference
    _printf_wc                                - Undefined Weak Reference
    _rand_init                                - Undefined Weak Reference
    _signal_finish                            - Undefined Weak Reference
    _signal_init                              - Undefined Weak Reference
    _terminate_alloc                          - Undefined Weak Reference
    _terminate_user_alloc                     - Undefined Weak Reference
    _terminateio                              - Undefined Weak Reference
    __Vectors_End                            0x0000026c   Data           0  startup_tm4c123.o(RESET)
    __Vectors_Size                           0x0000026c   Number         0  startup_tm4c123.o ABSOLUTE
    __main                                   0x0000026d   Thumb Code     8  __main.o(!!!main)
    __scatterload                            0x00000275   Thumb Code     0  __scatter.o(!!!scatter)
    __scatterload_rt2                        0x00000275   Thumb Code    84  __scatter.o(!!!scatter)
    __scatterload_rt2_thumb_only             0x00000275   Thumb Code     0  __scatter.o(!!!scatter)
    __scatterload_loop                       0x0000027f   Thumb Code     0  __scatter.o(!!!scatter)
    __scatterload_copy                       0x000002d1   Thumb Code    26  __scatter_copy.o(!!handler_copy)
    __scatterload_null                       0x000002ed   Thumb Code     2  __scatter.o(!!handler_null)
    __scatterload_zeroinit                   0x000002f1   Thumb Code    28  __scatter_zi.o(!!handler_zi)
    _printf_n                                0x0000030d   Thumb Code     0  _printf_n.o(.ARM.Collect$$_printf_percent$$00000001)
    _printf_percent                          0x0000030d   Thumb Code     0  _printf_percent.o(.ARM.Collect$$_printf_percent$$00000000)
    _printf_p                                0x00000313   Thumb Code     0  _printf_p.o(.ARM.Collect$$_printf_percent$$00000002)
    _printf_f                                0x00000319   Thumb Code     0  _printf_f.o(.ARM.Collect$$_printf_percent$$00000003)
    _printf_e                                0x0000031f   Thumb Code     0  _printf_e.o(.ARM.Collect$$_printf_percent$$00000004)
    _printf_g                                0x00000325   Thumb Code     0  _printf_g.o(.ARM.Collect$$_printf_percent$$00000005)
    _printf_a                                0x0000032b   Thumb Code     0  _printf_a.o(.ARM.Collect$$_printf_percent$$00000006)
    _printf_ll                               0x00000331   Thumb Code     0  _printf_ll.o(.ARM.Collect$$_printf_percent$$00000007)
    _printf_i                                0x0000033b   Thumb Code     0  _printf_i.o(.ARM.Collect$$_printf_percent$$00000008)
    _printf_d                                0x00000341   Thumb Code     0  _printf_d.o(.ARM.Collect$$_printf_percent$$00000009)
    _printf_u                                0x00000347   Thumb Code     0  _printf_u.o(.ARM.Collect$$_printf_percent$$0000000A)
    _printf_o                                0x0000034d   Thumb Code     0  _printf_o.o(.ARM.Collect$$_printf_percent$$0000000B)
    _printf_x                                0x00000353   Thumb Code     0  _printf_x.o(.ARM.Collect$$_printf_percent$$0000000C)
    _printf_lli                              0x00000359   Thumb Code     0  _printf_lli.o(.ARM.Collect$$_printf_percent$$0000000D)
    _printf_lld                              0x0000035f   Thumb Code     0  _printf_lld.o(.ARM.Collect$$_printf_percent$$0000000E)
    _printf_llu                              0x00000365   Thumb Code     0  _printf_llu.o(.ARM.Collect$$_printf_percent$$0000000F)
    _printf_llo                              0x0000036b   Thumb Code     0  _printf_llo.o(.ARM.Collect$$_printf_percent$$00000010)
    _printf_llx                              0x00000371   Thumb Code     0  _printf_llx.o(.ARM.Collect$$_printf_percent$$00000011)
    _printf_l                                0x00000377   Thumb Code     0  _printf_l.o(.ARM.Collect$$_printf_percent$$00000012)
    _printf_c                                0x00000381   Thumb Code     0  _printf_c.o(.ARM.Collect$$_printf_percent$$00000013)
    _printf_s                                0x00000387   Thumb Code     0  _printf_s.o(.ARM.Collect$$_printf_percent$$00000014)
    _printf_lc                               0x0000038d   Thumb Code     0  _printf_lc.o(.ARM.Collect$$_printf_percent$$00000015)
    _printf_ls                               0x00000393   Thumb Code     0  _printf_ls.o(.ARM.Collect$$_printf_percent$$00000016)
    _printf_percent_end                      0x00000399   Thumb Code     0  _printf_percent_end.o(.ARM.Collect$$_printf_percent$$00000017)
    __rt_lib_init                            0x0000039d   Thumb Code     0  libinit.o(.ARM.Collect$$libinit$$00000000)
    __rt_lib_init_fp_1                       0x0000039f   Thumb Code     0  libinit2.o(.ARM.Collect$$libinit$$00000001)
    __rt_lib_init_heap_1                     0x000003a3   Thumb Code     0  libinit2.o(.ARM.Collect$$libinit$$0000000C)
    __rt_lib_init_lc_common                  0x000003a3   Thumb Code     0  libinit2.o(.ARM.Collect$$libinit$$00000011)
    __rt_lib_init_preinit_1                  0x000003a3   Thumb Code     0  libinit2.o(.ARM.Collect$$libinit$$00000006)
    __rt_lib_init_rand_1                     0x000003a3   Thumb Code     0  libinit2.o(.ARM.Collect$$libinit$$00000010)
    __rt_lib_init_relocate_pie_1             0x000003a3   Thumb Code     0  libinit2.o(.ARM.Collect$$libinit$$00000004)
    __rt_lib_init_user_alloc_1               0x000003a3   Thumb Code     0  libinit2.o(.ARM.Collect$$libinit$$0000000E)
    __rt_lib_init_lc_collate_1               0x000003a9   Thumb Code     0  libinit2.o(.ARM.Collect$$libinit$$00000013)
    __rt_lib_init_lc_ctype_2                 0x000003a9   Thumb Code     0  libinit2.o(.ARM.Collect$$libinit$$00000014)
    __rt_lib_init_lc_ctype_1                 0x000003b5   Thumb Code     0  libinit2.o(.ARM.Collect$$libinit$$00000015)
    __rt_lib_init_lc_monetary_1              0x000003b5   Thumb Code     0  libinit2.o(.ARM.Collect$$libinit$$00000017)
    __rt_lib_init_lc_numeric_2               0x000003b5   Thumb Code     0  libinit2.o(.ARM.Collect$$libinit$$00000018)
    __rt_lib_init_alloca_1                   0x000003bf   Thumb Code     0  libinit2.o(.ARM.Collect$$libinit$$00000030)
    __rt_lib_init_argv_1                     0x000003bf   Thumb Code     0  libinit2.o(.ARM.Collect$$libinit$$0000002E)
    __rt_lib_init_atexit_1                   0x000003bf   Thumb Code     0  libinit2.o(.ARM.Collect$$libinit$$0000001D)
    __rt_lib_init_clock_1                    0x000003bf   Thumb Code     0  libinit2.o(.ARM.Collect$$libinit$$00000023)
    __rt_lib_init_cpp_1                      0x000003bf   Thumb Code     0  libinit2.o(.ARM.Collect$$libinit$$00000034)
    __rt_lib_init_exceptions_1               0x000003bf   Thumb Code     0  libinit2.o(.ARM.Collect$$libinit$$00000032)
    __rt_lib_init_fp_trap_1                  0x000003bf   Thumb Code     0  libinit2.o(.ARM.Collect$$libinit$$00000021)
    __rt_lib_init_getenv_1                   0x000003bf   Thumb Code     0  libinit2.o(.ARM.Collect$$libinit$$00000025)
    __rt_lib_init_lc_numeric_1               0x000003bf   Thumb Code     0  libinit2.o(.ARM.Collect$$libinit$$00000019)
    __rt_lib_init_lc_time_1                  0x000003bf   Thumb Code     0  libinit2.o(.ARM.Collect$$libinit$$0000001B)
    __rt_lib_init_return                     0x000003bf   Thumb Code     0  libinit2.o(.ARM.Collect$$libinit$$00000035)
    __rt_lib_init_signal_1                   0x000003bf   Thumb Code     0  libinit2.o(.ARM.Collect$$libinit$$0000001F)
    __rt_lib_init_stdio_1                    0x000003bf   Thumb Code     0  libinit2.o(.ARM.Collect$$libinit$$00000027)
    __rt_lib_shutdown                        0x000003c1   Thumb Code     0  libshutdown.o(.ARM.Collect$$libshutdown$$00000000)
    __rt_lib_shutdown_cpp_1                  0x000003c3   Thumb Code     0  libshutdown2.o(.ARM.Collect$$libshutdown$$00000002)
    __rt_lib_shutdown_fp_trap_1              0x000003c3   Thumb Code     0  libshutdown2.o(.ARM.Collect$$libshutdown$$00000007)
    __rt_lib_shutdown_heap_1                 0x000003c3   Thumb Code     0  libshutdown2.o(.ARM.Collect$$libshutdown$$0000000F)
    __rt_lib_shutdown_return                 0x000003c3   Thumb Code     0  libshutdown2.o(.ARM.Collect$$libshutdown$$00000010)
    __rt_lib_shutdown_signal_1               0x000003c3   Thumb Code     0  libshutdown2.o(.ARM.Collect$$libshutdown$$0000000A)
    __rt_lib_shutdown_stdio_1                0x000003c3   Thumb Code     0  libshutdown2.o(.ARM.Collect$$libshutdown$$00000004)
    __rt_lib_shutdown_user_alloc_1           0x000003c3   Thumb Code     0  libshutdown2.o(.ARM.Collect$$libshutdown$$0000000C)
    __rt_entry                               0x000003c5   Thumb Code     0  __rtentry.o(.ARM.Collect$$rtentry$$00000000)
    __rt_entry_presh_1                       0x000003c5   Thumb Code     0  __rtentry2.o(.ARM.Collect$$rtentry$$00000002)
    __rt_entry_sh                            0x000003c5   Thumb Code     0  __rtentry4.o(.ARM.Collect$$rtentry$$00000004)
    __rt_entry_li                            0x000003cb   Thumb Code     0  __rtentry2.o(.ARM.Collect$$rtentry$$0000000A)
    __rt_entry_postsh_1                      0x000003cb   Thumb Code     0  __rtentry2.o(.ARM.Collect$$rtentry$$00000009)
    __rt_entry_main                          0x000003cf   Thumb Code     0  __rtentry2.o(.ARM.Collect$$rtentry$$0000000D)
    __rt_entry_postli_1                      0x000003cf   Thumb Code     0  __rtentry2.o(.ARM.Collect$$rtentry$$0000000C)
    __rt_exit                                0x000003d7   Thumb Code     0  rtexit.o(.ARM.Collect$$rtexit$$00000000)
    __rt_exit_ls                             0x000003d9   Thumb Code     0  rtexit2.o(.ARM.Collect$$rtexit$$00000003)
    __rt_exit_prels_1                        0x000003d9   Thumb Code     0  rtexit2.o(.ARM.Collect$$rtexit$$00000002)
    __rt_exit_exit                           0x000003dd   Thumb Code     0  rtexit2.o(.ARM.Collect$$rtexit$$00000004)
    OutChar                                  0x000003e5   Thumb Code     0  outchar.o(.text)
    Reset_Handler                            0x000004c1   Thumb Code     8  startup_tm4c123.o(.text)
    NMI_Handler                              0x000004c9   Thumb Code     2  startup_tm4c123.o(.text)
    HardFault_Handler                        0x000004cb   Thumb Code     2  startup_tm4c123.o(.text)
    MemManage_Handler                        0x000004cd   Thumb Code     2  startup_tm4c123.o(.text)
    BusFault_Handler                         0x000004cf   Thumb Code     2  startup_tm4c123.o(.text)
    UsageFault_Handler                       0x000004d1   Thumb Code     2  startup_tm4c123.o(.text)
    SVC_Handler                              0x000004d3   Thumb Code     2  startup_tm4c123.o(.text)
    DebugMon_Handler                         0x000004d5   Thumb Code     2  startup_tm4c123.o(.text)
    PendSV_Handler                           0x000004d7   Thumb Code     2  startup_tm4c123.o(.text)
    SysTick_Handler                          0x000004d9   Thumb Code     2  startup_tm4c123.o(.text)
    GPIOA_Handler                            0x000004db   Thumb Code     2  startup_tm4c123.o(.text)
    GPIOB_Handler                            0x000004dd   Thumb Code     2  startup_tm4c123.o(.text)
    GPIOC_Handler                            0x000004df   Thumb Code     2  startup_tm4c123.o(.text)
    GPIOD_Handler                            0x000004e1   Thumb Code     2  startup_tm4c123.o(.text)
    UART0_Handler                            0x000004e5   Thumb Code     2  startup_tm4c123.o(.text)
    UART1_Handler                            0x000004e7   Thumb Code     2  startup_tm4c123.o(.text)
    SSI0_Handler                             0x000004e9   Thumb Code     2  startup_tm4c123.o(.text)
    PMW0_FAULT_Handler                       0x000004ed   Thumb Code     2  startup_tm4c123.o(.text)
    PWM0_0_Handler                           0x000004ef   Thumb Code     2  startup_tm4c123.o(.text)
    PWM0_1_Handler                           0x000004f1   Thumb Code     2  startup_tm4c123.o(.text)
    PWM0_2_Handler                           0x000004f3   Thumb Code     2  startup_tm4c123.o(.text)
    QEI0_Handler                             0x000004f5   Thumb Code     2  startup_tm4c123.o(.text)
    ADC0SS0_Handler                          0x000004f7   Thumb Code     2  startup_tm4c123.o(.text)
    ADC0SS1_Handler                          0x000004f9   Thumb Code     2  startup_tm4c123.o(.text)
    ADC0SS2_Handler                          0x000004fb   Thumb Code     2  startup_tm4c123.o(.text)
    ADC0SS3_Handler                          0x000004fd   Thumb Code     2  startup_tm4c123.o(.text)
    WDT0_Handler                             0x000004ff   Thumb Code     2  startup_tm4c123.o(.text)
    TIMER0A_Handler                          0x00000501   Thumb Code     2  startup_tm4c123.o(.text)
    TIMER0B_Handler                          0x00000503   Thumb Code     2  startup_tm4c123.o(.text)
    TIMER1A_Handler                          0x00000505   Thumb Code     2  startup_tm4c123.o(.text)
    TIMER1B_Handler                          0x00000507   Thumb Code     2  startup_tm4c123.o(.text)
    TIMER2A_Handler                          0x00000509   Thumb Code     2  startup_tm4c123.o(.text)
    TIMER2B_Handler                          0x0000050b   Thumb Code     2  startup_tm4c123.o(.text)
    COMP1_Handler                            0x0000050f   Thumb Code     2  startup_tm4c123.o(.text)
    COMP2_Handler                            0x00000511   Thumb Code     2  startup_tm4c123.o(.text)
    SYSCTL_Handler                           0x00000513   Thumb Code     2  startup_tm4c123.o(.text)
    FLASH_Handler                            0x00000515   Thumb Code     2  startup_tm4c123.o(.text)
    GPIOF_Handler                            0x00000517   Thumb Code     2  startup_tm4c123.o(.text)
    GPIOG_Handler                            0x00000519   Thumb Code     2  startup_tm4c123.o(.text)
    GPIOH_Handler                            0x0000051b   Thumb Code     2  startup_tm4c123.o(.text)
    UART2_Handler                            0x0000051d   Thumb Code     2  startup_tm4c123.o(.text)
    SSI1_Handler                             0x0000051f   Thumb Code     2  startup_tm4c123.o(.text)
    TIMER3A_Handler                          0x00000521   Thumb Code     2  startup_tm4c123.o(.text)
    TIMER3B_Handler                          0x00000523   Thumb Code     2  startup_tm4c123.o(.text)
    I2C1_Handler                             0x00000525   Thumb Code     2  startup_tm4c123.o(.text)
    QEI1_Handler                             0x00000527   Thumb Code     2  startup_tm4c123.o(.text)
    CAN0_Handler                             0x00000529   Thumb Code     2  startup_tm4c123.o(.text)
    CAN1_Handler                             0x0000052b   Thumb Code     2  startup_tm4c123.o(.text)
    CAN2_Handler                             0x0000052d   Thumb Code     2  startup_tm4c123.o(.text)
    HIB_Handler                              0x0000052f   Thumb Code     2  startup_tm4c123.o(.text)
    USB0_Handler                             0x00000531   Thumb Code     2  startup_tm4c123.o(.text)
    PWM0_3_Handler                           0x00000533   Thumb Code     2  startup_tm4c123.o(.text)
    UDMA_Handler                             0x00000535   Thumb Code     2  startup_tm4c123.o(.text)
    UDMAERR_Handler                          0x00000537   Thumb Code     2  startup_tm4c123.o(.text)
    ADC1SS0_Handler                          0x00000539   Thumb Code     2  startup_tm4c123.o(.text)
    ADC1SS1_Handler                          0x0000053b   Thumb Code     2  startup_tm4c123.o(.text)
    ADC1SS2_Handler                          0x0000053d   Thumb Code     2  startup_tm4c123.o(.text)
    ADC1SS3_Handler                          0x0000053f   Thumb Code     2  startup_tm4c123.o(.text)
    GPIOJ_Handler                            0x00000541   Thumb Code     2  startup_tm4c123.o(.text)
    GPIOK_Handler                            0x00000543   Thumb Code     2  startup_tm4c123.o(.text)
    GPIOL_Handler                            0x00000545   Thumb Code     2  startup_tm4c123.o(.text)
    SSI2_Handler                             0x00000547   Thumb Code     2  startup_tm4c123.o(.text)
    SSI3_Handler                             0x00000549   Thumb Code     2  startup_tm4c123.o(.text)
    UART3_Handler                            0x0000054b   Thumb Code     2  startup_tm4c123.o(.text)
    UART4_Handler                            0x0000054d   Thumb Code     2  startup_tm4c123.o(.text)
    UART5_Handler                            0x0000054f   Thumb Code     2  startup_tm4c123.o(.text)
    UART6_Handler                            0x00000551   Thumb Code     2  startup_tm4c123.o(.text)
    UART7_Handler                            0x00000553   Thumb Code     2  startup_tm4c123.o(.text)
    I2C2_Handler                             0x00000555   Thumb Code     2  startup_tm4c123.o(.text)
    I2C3_Handler                             0x00000557   Thumb Code     2  startup_tm4c123.o(.text)
    TIMER4A_Handler                          0x00000559   Thumb Code     2  startup_tm4c123.o(.text)
    TIMER4B_Handler                          0x0000055b   Thumb Code     2  startup_tm4c123.o(.text)
    TIMER5A_Handler                          0x0000055d   Thumb Code     2  startup_tm4c123.o(.text)
    TIMER5B_Handler                          0x0000055f   Thumb Code     2  startup_tm4c123.o(.text)
    WTIMER0B_Handler                         0x00000563   Thumb Code     2  startup_tm4c123.o(.text)
    WTIMER1A_Handler                         0x00000565   Thumb Code     2  startup_tm4c123.o(.text)
    WTIMER1B_Handler                         0x00000567   Thumb Code     2  startup_tm4c123.o(.text)
    WTIMER2A_Handler                         0x00000569   Thumb Code     2  startup_tm4c123.o(.text)
    WTIMER2B_Handler                         0x0000056b   Thumb Code     2  startup_tm4c123.o(.text)
    WTIMER3A_Handler                         0x0000056d   Thumb Code     2  startup_tm4c123.o(.text)
    WTIMER3B_Handler                         0x0000056f   Thumb Code     2  startup_tm4c123.o(.text)
    WTIMER4A_Handler                         0x00000571   Thumb Code     2  startup_tm4c123.o(.text)
    WTIMER4B_Handler                         0x00000573   Thumb Code     2  startup_tm4c123.o(.text)
    WTIMER5A_Handler                         0x00000575   Thumb Code     2  startup_tm4c123.o(.text)
    WTIMER5B_Handler                         0x00000577   Thumb Code     2  startup_tm4c123.o(.text)
    FPU_Handler                              0x00000579   Thumb Code     2  startup_tm4c123.o(.text)
    I2C4_Handler                             0x0000057b   Thumb Code     2  startup_tm4c123.o(.text)
    I2C5_Handler                             0x0000057d   Thumb Code     2  startup_tm4c123.o(.text)
    GPIOM_Handler                            0x0000057f   Thumb Code     2  startup_tm4c123.o(.text)
    GPION_Handler                            0x00000581   Thumb Code     2  startup_tm4c123.o(.text)
    QEI2_Handler                             0x00000583   Thumb Code     2  startup_tm4c123.o(.text)
    GPIOP0_Handler                           0x00000585   Thumb Code     2  startup_tm4c123.o(.text)
    GPIOP1_Handler                           0x00000587   Thumb Code     2  startup_tm4c123.o(.text)
    GPIOP2_Handler                           0x00000589   Thumb Code     2  startup_tm4c123.o(.text)
    GPIOP3_Handler                           0x0000058b   Thumb Code     2  startup_tm4c123.o(.text)
    GPIOP4_Handler                           0x0000058d   Thumb Code     2  startup_tm4c123.o(.text)
    GPIOP5_Handler                           0x0000058f   Thumb Code     2  startup_tm4c123.o(.text)
    GPIOP6_Handler                           0x00000591   Thumb Code     2  startup_tm4c123.o(.text)
    GPIOP7_Handler                           0x00000593   Thumb Code     2  startup_tm4c123.o(.text)
    GPIOQ0_Handler                           0x00000595   Thumb Code     2  startup_tm4c123.o(.text)
    GPIOQ1_Handler                           0x00000597   Thumb Code     2  startup_tm4c123.o(.text)
    GPIOQ2_Handler                           0x00000599   Thumb Code     2  startup_tm4c123.o(.text)
    GPIOQ3_Handler                           0x0000059b   Thumb Code     2  startup_tm4c123.o(.text)
    GPIOQ4_Handler                           0x0000059d   Thumb Code     2  startup_tm4c123.o(.text)
    GPIOQ5_Handler                           0x0000059f   Thumb Code     2  startup_tm4c123.o(.text)
    GPIOQ6_Handler                           0x000005a1   Thumb Code     2  startup_tm4c123.o(.text)
    GPIOQ7_Handler                           0x000005a3   Thumb Code     2  startup_tm4c123.o(.text)
    GPIOR_Handler                            0x000005a5   Thumb Code     2  startup_tm4c123.o(.text)
    GPIOS_Handler                            0x000005a7   Thumb Code     2  startup_tm4c123.o(.text)
    PMW1_0_Handler                           0x000005a9   Thumb Code     2  startup_tm4c123.o(.text)
    PWM1_1_Handler                           0x000005ab   Thumb Code     2  startup_tm4c123.o(.text)
    PWM1_2_Handler                           0x000005ad   Thumb Code     2  startup_tm4c123.o(.text)
    PWM1_3_Handler                           0x000005af   Thumb Code     2  startup_tm4c123.o(.text)
    PWM1_FAULT_Handler                       0x000005b1   Thumb Code     2  startup_tm4c123.o(.text)
    __user_initial_stackheap                 0x000005b5   Thumb Code     0  startup_tm4c123.o(.text)
    sprintf                                  0x000005d5   Thumb Code    38  sprintf.o(.text)
    __use_two_region_memory                  0x00000601   Thumb Code     2  heapauxi.o(.text)
    __rt_heap_escrow$2region                 0x00000603   Thumb Code     2  heapauxi.o(.text)
    __rt_heap_expand$2region                 0x00000605   Thumb Code     2  heapauxi.o(.text)
    _printf_pre_padding                      0x00000607   Thumb Code    44  _printf_pad.o(.text)
    _printf_post_padding                     0x00000633   Thumb Code    34  _printf_pad.o(.text)
    _printf_truncate_signed                  0x00000655   Thumb Code    18  _printf_truncate.o(.text)
    _printf_truncate_unsigned                0x00000667   Thumb Code    18  _printf_truncate.o(.text)
    _printf_str                              0x00000679   Thumb Code    82  _printf_str.o(.text)
    _printf_int_dec                          0x000006cd   Thumb Code   104  _printf_dec.o(.text)
    _printf_charcount                        0x00000745   Thumb Code    40  _printf_charcount.o(.text)
    _printf_char_common                      0x00000777   Thumb Code    32  _printf_char_common.o(.text)
    _sputc                                   0x0000079d   Thumb Code    10  _sputc.o(.text)
    _printf_wctomb                           0x000007a9   Thumb Code   182  _printf_wctomb.o(.text)
    _printf_longlong_dec                     0x00000865   Thumb Code   108  _printf_longlong_dec.o(.text)
    _printf_longlong_oct                     0x000008e1   Thumb Code    68  _printf_oct_int_ll.o(.text)
    _printf_int_oct                          0x00000925   Thumb Code    24  _printf_oct_int_ll.o(.text)
    _printf_ll_oct                           0x0000093d   Thumb Code    12  _printf_oct_int_ll.o(.text)
    _printf_longlong_hex                     0x00000951   Thumb Code    86  _printf_hex_int_ll_ptr.o(.text)
    _printf_int_hex                          0x000009a7   Thumb Code    28  _printf_hex_int_ll_ptr.o(.text)
    _printf_ll_hex                           0x000009c3   Thumb Code    12  _printf_hex_int_ll_ptr.o(.text)
    _printf_hex_ptr                          0x000009cf   Thumb Code    18  _printf_hex_int_ll_ptr.o(.text)
    __printf                                 0x000009e5   Thumb Code   388  __printf_flags_ss_wp.o(.text)
    _ll_udiv10                               0x00000b6d   Thumb Code   138  lludiv10.o(.text)
    _printf_int_common                       0x00000bf7   Thumb Code   178  _printf_intcommon.o(.text)
    _printf_fp_dec_real                      0x00000e59   Thumb Code   620  _printf_fp_dec.o(.text)
    _printf_fp_hex_real                      0x000010c5   Thumb Code   756  _printf_fp_hex.o(.text)
    _printf_cs_common                        0x000013c1   Thumb Code    20  _printf_char.o(.text)
    _printf_char                             0x000013d5   Thumb Code    16  _printf_char.o(.text)
    _printf_string                           0x000013e5   Thumb Code     8  _printf_char.o(.text)
    _printf_lcs_common                       0x000013ed   Thumb Code    20  _printf_wchar.o(.text)
    _printf_wchar                            0x00001401   Thumb Code    16  _printf_wchar.o(.text)
    _printf_wstring                          0x00001411   Thumb Code     8  _printf_wchar.o(.text)
    _c16rtomb                                0x00001419   Thumb Code    72  _c16rtomb.o(.text)
    _wcrtomb                                 0x00001419   Thumb Code     0  _c16rtomb.o(.text)
    __user_setup_stackheap                   0x00001461   Thumb Code    74  sys_stackheap_outer.o(.text)
    __rt_ctype_table                         0x000014ad   Thumb Code    16  rt_ctype_table.o(.text)
    __rt_locale                              0x000014bd   Thumb Code     8  rt_locale_intlibspace.o(.text)
    _printf_fp_infnan                        0x000014c5   Thumb Code   112  _printf_fp_infnan.o(.text)
    _btod_etento                             0x00001545   Thumb Code   224  bigflt0.o(.text)
    exit                                     0x00001629   Thumb Code    18  exit.o(.text)
    __user_libspace                          0x0000163d   Thumb Code     8  libspace.o(.text)
    __user_perproc_libspace                  0x0000163d   Thumb Code     0  libspace.o(.text)
    __user_perthread_libspace                0x0000163d   Thumb Code     0  libspace.o(.text)
    strcmp                                   0x00001649   Thumb Code   124  strcmpv7em.o(.text)
    _sys_exit                                0x000016c5   Thumb Code     8  sys_exit.o(.text)
    __I$use$semihosting                      0x000016d1   Thumb Code     0  use_no_semi.o(.text)
    __use_no_semihosting_swi                 0x000016d1   Thumb Code     2  use_no_semi.o(.text)
    __semihosting_library_function           0x000016d3   Thumb Code     0  indicate_semi.o(.text)
    AnalogComparator_Init                    0x000016d5   Thumb Code   208  main.o(.text.AnalogComparator_Init)
    BMP280_FilteredTemperature               0x000017a5   Thumb Code   196  main.o(.text.BMP280_FilteredTemperature)
    BMP280_Init                              0x00001869   Thumb Code   148  main.o(.text.BMP280_Init)
    BMP280_ReadTemperature                   0x00001901   Thumb Code   216  main.o(.text.BMP280_ReadTemperature)
    COMP0_Handler                            0x000019e1   Thumb Code    32  main.o(.text.COMP0_Handler)
    DistanceSensor_Init                      0x00001a01   Thumb Code   138  main.o(.text.DistanceSensor_Init)
    EnterDeepSleep                           0x00001a8d   Thumb Code   110  main.o(.text.EnterDeepSleep)
    GPIOE_Handler                            0x00001afd   Thumb Code   340  main.o(.text.GPIOE_Handler)
    I2C0_Handler                             0x00001c51   Thumb Code    18  main.o(.text.I2C0_Handler)
    I2C0_Init                                0x00001c65   Thumb Code   158  main.o(.text.I2C0_Init)
    I2C_ReadRegister                         0x00001d05   Thumb Code   122  main.o(.text.I2C_ReadRegister)
    I2C_WriteRegister                        0x00001d81   Thumb Code   112  main.o(.text.I2C_WriteRegister)
    LedSpeaker_Init                          0x00001df1   Thumb Code    88  main.o(.text.LedSpeaker_Init)
    Nokia5110_Clear                          0x00001e49   Thumb Code    48  nokia5110.o(.text.Nokia5110_Clear)
    Nokia5110_ClearBuffer                    0x00001e79   Thumb Code    46  nokia5110.o(.text.Nokia5110_ClearBuffer)
    Nokia5110_DisplayBuffer                  0x00001ea9   Thumb Code    16  nokia5110.o(.text.Nokia5110_DisplayBuffer)
    Nokia5110_DrawFullImage                  0x00001eb9   Thumb Code    56  nokia5110.o(.text.Nokia5110_DrawFullImage)
    Nokia5110_Init                           0x00001ef1   Thumb Code   352  nokia5110.o(.text.Nokia5110_Init)
    Nokia5110_OutChar                        0x00002051   Thumb Code    80  nokia5110.o(.text.Nokia5110_OutChar)
    Nokia5110_OutString                      0x000020a1   Thumb Code    36  nokia5110.o(.text.Nokia5110_OutString)
    Nokia5110_SetCursor                      0x000020c5   Thumb Code    76  nokia5110.o(.text.Nokia5110_SetCursor)
    Nokia5110_SetPxl                         0x00002111   Thumb Code    50  nokia5110.o(.text.Nokia5110_SetPxl)
    PlaySquareWave                           0x00002145   Thumb Code   108  main.o(.text.PlaySquareWave)
    PushButtons_Init                         0x000021b1   Thumb Code   152  main.o(.text.PushButtons_Init)
    RGB_Init                                 0x00002249   Thumb Code   110  main.o(.text.RGB_Init)
    Set_RGB_Color                            0x000022b9   Thumb Code   112  main.o(.text.Set_RGB_Color)
    StandbyMode                              0x00002329   Thumb Code   116  main.o(.text.StandbyMode)
    StepperMotor_Scan                        0x0000239d   Thumb Code   752  main.o(.text.StepperMotor_Scan)
    Stepper_Init                             0x0000268d   Thumb Code    88  main.o(.text.Stepper_Init)
    SystemInit                               0x000026e5   Thumb Code    18  system_tm4c123.o(.text.SystemInit)
    TimerWT0_Init                            0x000026f9   Thumb Code   148  main.o(.text.TimerWT0_Init)
    TriggerPulse                             0x0000278d   Thumb Code    58  main.o(.text.TriggerPulse)
    TurnOffPowerLED                          0x000027c9   Thumb Code    18  main.o(.text.TurnOffPowerLED)
    TurnOnPowerLED                           0x000027dd   Thumb Code    18  main.o(.text.TurnOnPowerLED)
    WTIMER0A_Handler                         0x000027f1   Thumb Code   248  main.o(.text.WTIMER0A_Handler)
    dynamicPlot                              0x00002959   Thumb Code   148  main.o(.text.dynamicPlot)
    main                                     0x00002ab9   Thumb Code   440  main.o(.text.main)
    mapAngleToX                              0x00002c79   Thumb Code    34  main.o(.text.mapAngleToX)
    mapDistanceToY                           0x00002c9d   Thumb Code    52  main.o(.text.mapDistanceToY)
    printFloat                               0x00002cd1   Thumb Code   152  main.o(.text.printFloat)
    printInt                                 0x00002d69   Thumb Code   126  main.o(.text.printInt)
    printString                              0x00002de9   Thumb Code    36  main.o(.text.printString)
    _btod_d2e                                0x00002e0d   Thumb Code    62  btod.o(CL$$btod_d2e)
    _d2e_denorm_low                          0x00002e4b   Thumb Code    70  btod.o(CL$$btod_d2e_denorm_low)
    _d2e_norm_op1                            0x00002e91   Thumb Code    96  btod.o(CL$$btod_d2e_norm_op1)
    __btod_div_common                        0x00002ef1   Thumb Code   696  btod.o(CL$$btod_div_common)
    _e2e                                     0x00003229   Thumb Code   220  btod.o(CL$$btod_e2e)
    _btod_ediv                               0x00003305   Thumb Code    42  btod.o(CL$$btod_ediv)
    _btod_emul                               0x0000332f   Thumb Code    42  btod.o(CL$$btod_emul)
    __btod_mult_common                       0x00003359   Thumb Code   580  btod.o(CL$$btod_mult_common)
    Timer5_Init                              0x0000359d   Thumb Code     0  timer_init.o(Timer5Code)
    Timer5_DelayUs                           0x000035d7   Thumb Code     0  timer_init.o(Timer5Code)
    Timer5_DelayMs                           0x00003617   Thumb Code     0  timer_init.o(Timer5Code)
    __ARM_fpclassify                         0x0000364d   Thumb Code    48  fpclassify.o(i.__ARM_fpclassify)
    _is_digit                                0x0000367d   Thumb Code    14  __printf_wp.o(i._is_digit)
    _get_lc_numeric                          0x0000368d   Thumb Code    44  lc_numeric_c.o(locale$$code)
    _get_lc_ctype                            0x000036b9   Thumb Code    44  lc_ctype_c.o(locale$$code)
    __aeabi_d2f                              0x000036e5   Thumb Code     0  d2f.o(x$fpl$d2f)
    _d2f                                     0x000036e5   Thumb Code    98  d2f.o(x$fpl$d2f)
    __aeabi_ddiv                             0x00003749   Thumb Code     0  ddiv.o(x$fpl$ddiv)
    _ddiv                                    0x00003749   Thumb Code   560  ddiv.o(x$fpl$ddiv)
    __aeabi_d2uiz                            0x00003a01   Thumb Code     0  dfixu.o(x$fpl$dfixu)
    _dfixu                                   0x00003a01   Thumb Code    90  dfixu.o(x$fpl$dfixu)
    __aeabi_ui2d                             0x00003a5b   Thumb Code     0  dflt_clz.o(x$fpl$dfltu)
    _dfltu                                   0x00003a5b   Thumb Code    38  dflt_clz.o(x$fpl$dfltu)
    __aeabi_dmul                             0x00003a81   Thumb Code     0  dmul.o(x$fpl$dmul)
    _dmul                                    0x00003a81   Thumb Code   332  dmul.o(x$fpl$dmul)
    __fpl_dnaninf                            0x00003bd5   Thumb Code   156  dnaninf.o(x$fpl$dnaninf)
    __fpl_dretinf                            0x00003c71   Thumb Code    12  dretinf.o(x$fpl$dretinf)
    __aeabi_f2d                              0x00003c7d   Thumb Code     0  f2d.o(x$fpl$f2d)
    _f2d                                     0x00003c7d   Thumb Code    86  f2d.o(x$fpl$f2d)
    __fpl_fnaninf                            0x00003cd3   Thumb Code   140  fnaninf.o(x$fpl$fnaninf)
    _fp_init                                 0x00003d5f   Thumb Code    26  fpinit.o(x$fpl$fpinit)
    __fplib_config_fpu_vfp                   0x00003d77   Thumb Code     0  fpinit.o(x$fpl$fpinit)
    __fplib_config_pureend_doubles           0x00003d77   Thumb Code     0  fpinit.o(x$fpl$fpinit)
    __fpl_fretinf                            0x00003d79   Thumb Code    10  fretinf.o(x$fpl$fretinf)
    _printf_fp_dec                           0x00003d83   Thumb Code     4  printf1.o(x$fpl$printf1)
    _printf_fp_hex                           0x00003d87   Thumb Code     4  printf2.o(x$fpl$printf2)
    __I$use$fp                               0x00003d8a   Number         0  usenofp.o(x$fpl$usenofp)
    Masks                                    0x00004068   Data           8  nokia5110.o(.rodata.Masks)
    stepSequence                             0x00004070   Data           4  main.o(.rodata.stepSequence)
    Region$$Table$$Base                      0x00004254   Number         0  anon$$obj.o(Region$$Table)
    Region$$Table$$Limit                     0x00004274   Number         0  anon$$obj.o(Region$$Table)
    __ctype                                  0x0000429d   Data           0  lc_ctype_c.o(locale$$data)
    TEMP_THRESHOLD                           0x20000000   Data           4  main.o(.data.TEMP_THRESHOLD)
    distance                                 0x20000008   Data           4  main.o(.data.distance)
    __libspace_start                         0x20000010   Data          96  libspace.o(.bss)
    Screen                                   0x20000070   Data         504  nokia5110.o(.bss.Screen)
    __temporary_stack_top$libspace           0x20000070   Data           0  libspace.o(.bss)
    angleArray                               0x20000268   Data         720  main.o(.bss.angleArray)
    buffer                                   0x20000538   Data          50  main.o(.bss.buffer)
    distanceArray                            0x20000572   Data         360  main.o(.bss.distanceArray)
    fallingEdge                              0x200006dc   Data           4  main.o(.bss.fallingEdge)
    isDeepSleepPressed                       0x200006e0   Data           1  main.o(.bss.isDeepSleepPressed)
    pulseWidth                               0x200006e4   Data           4  main.o(.bss.pulseWidth)
    risingEdge                               0x200006ec   Data           4  main.o(.bss.risingEdge)



==============================================================================

Memory Map of the image

  Image Entry point : 0x000004c1

  Load Region LR_1 (Base: 0x00000000, Size: 0x000043ac, Max: 0xffffffff, ABSOLUTE)

    Execution Region ER_RO (Exec base: 0x00000000, Load base: 0x00000000, Size: 0x000043a0, Max: 0xffffffff, ABSOLUTE)

    Exec Addr    Load Addr    Size         Type   Attr      Idx    E Section Name        Object

    0x00000000   0x00000000   0x0000026c   Data   RO          148    RESET               startup_tm4c123.o
    0x0000026c   0x0000026c   0x00000008   Code   RO          173  * !!!main             c_w.l(__main.o)
    0x00000274   0x00000274   0x0000005c   Code   RO          538    !!!scatter          c_w.l(__scatter.o)
    0x000002d0   0x000002d0   0x0000001a   Code   RO          542    !!handler_copy      c_w.l(__scatter_copy.o)
    0x000002ea   0x000002ea   0x00000002   PAD
    0x000002ec   0x000002ec   0x00000002   Code   RO          539    !!handler_null      c_w.l(__scatter.o)
    0x000002ee   0x000002ee   0x00000002   PAD
    0x000002f0   0x000002f0   0x0000001c   Code   RO          544    !!handler_zi        c_w.l(__scatter_zi.o)
    0x0000030c   0x0000030c   0x00000000   Code   RO          277    .ARM.Collect$$_printf_percent$$00000000  c_w.l(_printf_percent.o)
    0x0000030c   0x0000030c   0x00000006   Code   RO          266    .ARM.Collect$$_printf_percent$$00000001  c_w.l(_printf_n.o)
    0x00000312   0x00000312   0x00000006   Code   RO          268    .ARM.Collect$$_printf_percent$$00000002  c_w.l(_printf_p.o)
    0x00000318   0x00000318   0x00000006   Code   RO          273    .ARM.Collect$$_printf_percent$$00000003  c_w.l(_printf_f.o)
    0x0000031e   0x0000031e   0x00000006   Code   RO          274    .ARM.Collect$$_printf_percent$$00000004  c_w.l(_printf_e.o)
    0x00000324   0x00000324   0x00000006   Code   RO          275    .ARM.Collect$$_printf_percent$$00000005  c_w.l(_printf_g.o)
    0x0000032a   0x0000032a   0x00000006   Code   RO          276    .ARM.Collect$$_printf_percent$$00000006  c_w.l(_printf_a.o)
    0x00000330   0x00000330   0x0000000a   Code   RO          281    .ARM.Collect$$_printf_percent$$00000007  c_w.l(_printf_ll.o)
    0x0000033a   0x0000033a   0x00000006   Code   RO          270    .ARM.Collect$$_printf_percent$$00000008  c_w.l(_printf_i.o)
    0x00000340   0x00000340   0x00000006   Code   RO          271    .ARM.Collect$$_printf_percent$$00000009  c_w.l(_printf_d.o)
    0x00000346   0x00000346   0x00000006   Code   RO          272    .ARM.Collect$$_printf_percent$$0000000A  c_w.l(_printf_u.o)
    0x0000034c   0x0000034c   0x00000006   Code   RO          269    .ARM.Collect$$_printf_percent$$0000000B  c_w.l(_printf_o.o)
    0x00000352   0x00000352   0x00000006   Code   RO          267    .ARM.Collect$$_printf_percent$$0000000C  c_w.l(_printf_x.o)
    0x00000358   0x00000358   0x00000006   Code   RO          278    .ARM.Collect$$_printf_percent$$0000000D  c_w.l(_printf_lli.o)
    0x0000035e   0x0000035e   0x00000006   Code   RO          279    .ARM.Collect$$_printf_percent$$0000000E  c_w.l(_printf_lld.o)
    0x00000364   0x00000364   0x00000006   Code   RO          280    .ARM.Collect$$_printf_percent$$0000000F  c_w.l(_printf_llu.o)
    0x0000036a   0x0000036a   0x00000006   Code   RO          285    .ARM.Collect$$_printf_percent$$00000010  c_w.l(_printf_llo.o)
    0x00000370   0x00000370   0x00000006   Code   RO          286    .ARM.Collect$$_printf_percent$$00000011  c_w.l(_printf_llx.o)
    0x00000376   0x00000376   0x0000000a   Code   RO          282    .ARM.Collect$$_printf_percent$$00000012  c_w.l(_printf_l.o)
    0x00000380   0x00000380   0x00000006   Code   RO          264    .ARM.Collect$$_printf_percent$$00000013  c_w.l(_printf_c.o)
    0x00000386   0x00000386   0x00000006   Code   RO          265    .ARM.Collect$$_printf_percent$$00000014  c_w.l(_printf_s.o)
    0x0000038c   0x0000038c   0x00000006   Code   RO          283    .ARM.Collect$$_printf_percent$$00000015  c_w.l(_printf_lc.o)
    0x00000392   0x00000392   0x00000006   Code   RO          284    .ARM.Collect$$_printf_percent$$00000016  c_w.l(_printf_ls.o)
    0x00000398   0x00000398   0x00000004   Code   RO          336    .ARM.Collect$$_printf_percent$$00000017  c_w.l(_printf_percent_end.o)
    0x0000039c   0x0000039c   0x00000002   Code   RO          387    .ARM.Collect$$libinit$$00000000  c_w.l(libinit.o)
    0x0000039e   0x0000039e   0x00000004   Code   RO          404    .ARM.Collect$$libinit$$00000001  c_w.l(libinit2.o)
    0x000003a2   0x000003a2   0x00000000   Code   RO          407    .ARM.Collect$$libinit$$00000004  c_w.l(libinit2.o)
    0x000003a2   0x000003a2   0x00000000   Code   RO          409    .ARM.Collect$$libinit$$00000006  c_w.l(libinit2.o)
    0x000003a2   0x000003a2   0x00000000   Code   RO          412    .ARM.Collect$$libinit$$0000000C  c_w.l(libinit2.o)
    0x000003a2   0x000003a2   0x00000000   Code   RO          414    .ARM.Collect$$libinit$$0000000E  c_w.l(libinit2.o)
    0x000003a2   0x000003a2   0x00000000   Code   RO          416    .ARM.Collect$$libinit$$00000010  c_w.l(libinit2.o)
    0x000003a2   0x000003a2   0x00000006   Code   RO          417    .ARM.Collect$$libinit$$00000011  c_w.l(libinit2.o)
    0x000003a8   0x000003a8   0x00000000   Code   RO          419    .ARM.Collect$$libinit$$00000013  c_w.l(libinit2.o)
    0x000003a8   0x000003a8   0x0000000c   Code   RO          420    .ARM.Collect$$libinit$$00000014  c_w.l(libinit2.o)
    0x000003b4   0x000003b4   0x00000000   Code   RO          421    .ARM.Collect$$libinit$$00000015  c_w.l(libinit2.o)
    0x000003b4   0x000003b4   0x00000000   Code   RO          423    .ARM.Collect$$libinit$$00000017  c_w.l(libinit2.o)
    0x000003b4   0x000003b4   0x0000000a   Code   RO          424    .ARM.Collect$$libinit$$00000018  c_w.l(libinit2.o)
    0x000003be   0x000003be   0x00000000   Code   RO          425    .ARM.Collect$$libinit$$00000019  c_w.l(libinit2.o)
    0x000003be   0x000003be   0x00000000   Code   RO          427    .ARM.Collect$$libinit$$0000001B  c_w.l(libinit2.o)
    0x000003be   0x000003be   0x00000000   Code   RO          429    .ARM.Collect$$libinit$$0000001D  c_w.l(libinit2.o)
    0x000003be   0x000003be   0x00000000   Code   RO          431    .ARM.Collect$$libinit$$0000001F  c_w.l(libinit2.o)
    0x000003be   0x000003be   0x00000000   Code   RO          433    .ARM.Collect$$libinit$$00000021  c_w.l(libinit2.o)
    0x000003be   0x000003be   0x00000000   Code   RO          435    .ARM.Collect$$libinit$$00000023  c_w.l(libinit2.o)
    0x000003be   0x000003be   0x00000000   Code   RO          437    .ARM.Collect$$libinit$$00000025  c_w.l(libinit2.o)
    0x000003be   0x000003be   0x00000000   Code   RO          439    .ARM.Collect$$libinit$$00000027  c_w.l(libinit2.o)
    0x000003be   0x000003be   0x00000000   Code   RO          443    .ARM.Collect$$libinit$$0000002E  c_w.l(libinit2.o)
    0x000003be   0x000003be   0x00000000   Code   RO          445    .ARM.Collect$$libinit$$00000030  c_w.l(libinit2.o)
    0x000003be   0x000003be   0x00000000   Code   RO          447    .ARM.Collect$$libinit$$00000032  c_w.l(libinit2.o)
    0x000003be   0x000003be   0x00000000   Code   RO          449    .ARM.Collect$$libinit$$00000034  c_w.l(libinit2.o)
    0x000003be   0x000003be   0x00000002   Code   RO          450    .ARM.Collect$$libinit$$00000035  c_w.l(libinit2.o)
    0x000003c0   0x000003c0   0x00000002   Code   RO          474    .ARM.Collect$$libshutdown$$00000000  c_w.l(libshutdown.o)
    0x000003c2   0x000003c2   0x00000000   Code   RO          489    .ARM.Collect$$libshutdown$$00000002  c_w.l(libshutdown2.o)
    0x000003c2   0x000003c2   0x00000000   Code   RO          491    .ARM.Collect$$libshutdown$$00000004  c_w.l(libshutdown2.o)
    0x000003c2   0x000003c2   0x00000000   Code   RO          494    .ARM.Collect$$libshutdown$$00000007  c_w.l(libshutdown2.o)
    0x000003c2   0x000003c2   0x00000000   Code   RO          497    .ARM.Collect$$libshutdown$$0000000A  c_w.l(libshutdown2.o)
    0x000003c2   0x000003c2   0x00000000   Code   RO          499    .ARM.Collect$$libshutdown$$0000000C  c_w.l(libshutdown2.o)
    0x000003c2   0x000003c2   0x00000000   Code   RO          502    .ARM.Collect$$libshutdown$$0000000F  c_w.l(libshutdown2.o)
    0x000003c2   0x000003c2   0x00000002   Code   RO          503    .ARM.Collect$$libshutdown$$00000010  c_w.l(libshutdown2.o)
    0x000003c4   0x000003c4   0x00000000   Code   RO          195    .ARM.Collect$$rtentry$$00000000  c_w.l(__rtentry.o)
    0x000003c4   0x000003c4   0x00000000   Code   RO          305    .ARM.Collect$$rtentry$$00000002  c_w.l(__rtentry2.o)
    0x000003c4   0x000003c4   0x00000006   Code   RO          317    .ARM.Collect$$rtentry$$00000004  c_w.l(__rtentry4.o)
    0x000003ca   0x000003ca   0x00000000   Code   RO          307    .ARM.Collect$$rtentry$$00000009  c_w.l(__rtentry2.o)
    0x000003ca   0x000003ca   0x00000004   Code   RO          308    .ARM.Collect$$rtentry$$0000000A  c_w.l(__rtentry2.o)
    0x000003ce   0x000003ce   0x00000000   Code   RO          310    .ARM.Collect$$rtentry$$0000000C  c_w.l(__rtentry2.o)
    0x000003ce   0x000003ce   0x00000008   Code   RO          311    .ARM.Collect$$rtentry$$0000000D  c_w.l(__rtentry2.o)
    0x000003d6   0x000003d6   0x00000002   Code   RO          395    .ARM.Collect$$rtexit$$00000000  c_w.l(rtexit.o)
    0x000003d8   0x000003d8   0x00000000   Code   RO          452    .ARM.Collect$$rtexit$$00000002  c_w.l(rtexit2.o)
    0x000003d8   0x000003d8   0x00000004   Code   RO          453    .ARM.Collect$$rtexit$$00000003  c_w.l(rtexit2.o)
    0x000003dc   0x000003dc   0x00000006   Code   RO          454    .ARM.Collect$$rtexit$$00000004  c_w.l(rtexit2.o)
    0x000003e2   0x000003e2   0x00000002   PAD
    0x000003e4   0x000003e4   0x000000dc   Code   RO           99    .text               outchar.o
    0x000004c0   0x000004c0   0x00000114   Code   RO          149  * .text               startup_tm4c123.o
    0x000005d4   0x000005d4   0x0000002c   Code   RO          169    .text               c_w.l(sprintf.o)
    0x00000600   0x00000600   0x00000006   Code   RO          171    .text               c_w.l(heapauxi.o)
    0x00000606   0x00000606   0x0000004e   Code   RO          198    .text               c_w.l(_printf_pad.o)
    0x00000654   0x00000654   0x00000024   Code   RO          200    .text               c_w.l(_printf_truncate.o)
    0x00000678   0x00000678   0x00000052   Code   RO          202    .text               c_w.l(_printf_str.o)
    0x000006ca   0x000006ca   0x00000002   PAD
    0x000006cc   0x000006cc   0x00000078   Code   RO          204    .text               c_w.l(_printf_dec.o)
    0x00000744   0x00000744   0x00000028   Code   RO          206    .text               c_w.l(_printf_charcount.o)
    0x0000076c   0x0000076c   0x00000030   Code   RO          208    .text               c_w.l(_printf_char_common.o)
    0x0000079c   0x0000079c   0x0000000a   Code   RO          210    .text               c_w.l(_sputc.o)
    0x000007a6   0x000007a6   0x00000002   PAD
    0x000007a8   0x000007a8   0x000000bc   Code   RO          212    .text               c_w.l(_printf_wctomb.o)
    0x00000864   0x00000864   0x0000007c   Code   RO          215    .text               c_w.l(_printf_longlong_dec.o)
    0x000008e0   0x000008e0   0x00000070   Code   RO          221    .text               c_w.l(_printf_oct_int_ll.o)
    0x00000950   0x00000950   0x00000094   Code   RO          241    .text               c_w.l(_printf_hex_int_ll_ptr.o)
    0x000009e4   0x000009e4   0x00000188   Code   RO          261    .text               c_w.l(__printf_flags_ss_wp.o)
    0x00000b6c   0x00000b6c   0x0000008a   Code   RO          319    .text               c_w.l(lludiv10.o)
    0x00000bf6   0x00000bf6   0x000000b2   Code   RO          321    .text               c_w.l(_printf_intcommon.o)
    0x00000ca8   0x00000ca8   0x0000041c   Code   RO          323    .text               c_w.l(_printf_fp_dec.o)
    0x000010c4   0x000010c4   0x000002fc   Code   RO          327    .text               c_w.l(_printf_fp_hex.o)
    0x000013c0   0x000013c0   0x0000002c   Code   RO          332    .text               c_w.l(_printf_char.o)
    0x000013ec   0x000013ec   0x0000002c   Code   RO          334    .text               c_w.l(_printf_wchar.o)
    0x00001418   0x00001418   0x00000048   Code   RO          337    .text               c_w.l(_c16rtomb.o)
    0x00001460   0x00001460   0x0000004a   Code   RO          339    .text               c_w.l(sys_stackheap_outer.o)
    0x000014aa   0x000014aa   0x00000002   PAD
    0x000014ac   0x000014ac   0x00000010   Code   RO          341    .text               c_w.l(rt_ctype_table.o)
    0x000014bc   0x000014bc   0x00000008   Code   RO          346    .text               c_w.l(rt_locale_intlibspace.o)
    0x000014c4   0x000014c4   0x00000080   Code   RO          348    .text               c_w.l(_printf_fp_infnan.o)
    0x00001544   0x00001544   0x000000e4   Code   RO          350    .text               c_w.l(bigflt0.o)
    0x00001628   0x00001628   0x00000012   Code   RO          380    .text               c_w.l(exit.o)
    0x0000163a   0x0000163a   0x00000002   PAD
    0x0000163c   0x0000163c   0x00000008   Code   RO          392    .text               c_w.l(libspace.o)
    0x00001644   0x00001644   0x00000004   PAD
    0x00001648   0x00001648   0x0000007c   Code   RO          402    .text               c_w.l(strcmpv7em.o)
    0x000016c4   0x000016c4   0x0000000c   Code   RO          464    .text               c_w.l(sys_exit.o)
    0x000016d0   0x000016d0   0x00000002   Code   RO          479    .text               c_w.l(use_no_semi.o)
    0x000016d2   0x000016d2   0x00000000   Code   RO          481    .text               c_w.l(indicate_semi.o)
    0x000016d2   0x000016d2   0x00000002   PAD
    0x000016d4   0x000016d4   0x000000d0   Code   RO           10    .text.AnalogComparator_Init  main.o
    0x000017a4   0x000017a4   0x000000c4   Code   RO           28    .text.BMP280_FilteredTemperature  main.o
    0x00001868   0x00001868   0x00000094   Code   RO           20    .text.BMP280_Init   main.o
    0x000018fc   0x000018fc   0x00000004   PAD
    0x00001900   0x00001900   0x000000e0   Code   RO           26    .text.BMP280_ReadTemperature  main.o
    0x000019e0   0x000019e0   0x00000020   Code   RO           16    .text.COMP0_Handler  main.o
    0x00001a00   0x00001a00   0x0000008a   Code   RO           32    .text.DistanceSensor_Init  main.o
    0x00001a8a   0x00001a8a   0x00000002   PAD
    0x00001a8c   0x00001a8c   0x0000006e   Code   RO           14    .text.EnterDeepSleep  main.o
    0x00001afa   0x00001afa   0x00000002   PAD
    0x00001afc   0x00001afc   0x00000154   Code   RO           64    .text.GPIOE_Handler  main.o
    0x00001c50   0x00001c50   0x00000012   Code   RO           30    .text.I2C0_Handler  main.o
    0x00001c62   0x00001c62   0x00000002   PAD
    0x00001c64   0x00001c64   0x0000009e   Code   RO           18    .text.I2C0_Init     main.o
    0x00001d02   0x00001d02   0x00000002   PAD
    0x00001d04   0x00001d04   0x0000007a   Code   RO           22    .text.I2C_ReadRegister  main.o
    0x00001d7e   0x00001d7e   0x00000002   PAD
    0x00001d80   0x00001d80   0x00000070   Code   RO           24    .text.I2C_WriteRegister  main.o
    0x00001df0   0x00001df0   0x00000058   Code   RO           54    .text.LedSpeaker_Init  main.o
    0x00001e48   0x00001e48   0x00000030   Code   RO          119    .text.Nokia5110_Clear  nokia5110.o
    0x00001e78   0x00001e78   0x0000002e   Code   RO          125    .text.Nokia5110_ClearBuffer  nokia5110.o
    0x00001ea6   0x00001ea6   0x00000002   PAD
    0x00001ea8   0x00001ea8   0x00000010   Code   RO          127    .text.Nokia5110_DisplayBuffer  nokia5110.o
    0x00001eb8   0x00001eb8   0x00000038   Code   RO          121    .text.Nokia5110_DrawFullImage  nokia5110.o
    0x00001ef0   0x00001ef0   0x00000160   Code   RO          105    .text.Nokia5110_Init  nokia5110.o
    0x00002050   0x00002050   0x00000050   Code   RO          109    .text.Nokia5110_OutChar  nokia5110.o
    0x000020a0   0x000020a0   0x00000024   Code   RO          113    .text.Nokia5110_OutString  nokia5110.o
    0x000020c4   0x000020c4   0x0000004c   Code   RO          117    .text.Nokia5110_SetCursor  nokia5110.o
    0x00002110   0x00002110   0x00000032   Code   RO          131    .text.Nokia5110_SetPxl  nokia5110.o
    0x00002142   0x00002142   0x00000002   PAD
    0x00002144   0x00002144   0x0000006c   Code   RO           60    .text.PlaySquareWave  main.o
    0x000021b0   0x000021b0   0x00000098   Code   RO           62    .text.PushButtons_Init  main.o
    0x00002248   0x00002248   0x0000006e   Code   RO           52    .text.RGB_Init      main.o
    0x000022b6   0x000022b6   0x00000002   PAD
    0x000022b8   0x000022b8   0x00000070   Code   RO           50    .text.Set_RGB_Color  main.o
    0x00002328   0x00002328   0x00000074   Code   RO           70    .text.StandbyMode   main.o
    0x0000239c   0x0000239c   0x000002f0   Code   RO           48    .text.StepperMotor_Scan  main.o
    0x0000268c   0x0000268c   0x00000058   Code   RO           46    .text.Stepper_Init  main.o
    0x000026e4   0x000026e4   0x00000012   Code   RO          158    .text.SystemInit    system_tm4c123.o
    0x000026f6   0x000026f6   0x00000002   PAD
    0x000026f8   0x000026f8   0x00000094   Code   RO           34    .text.TimerWT0_Init  main.o
    0x0000278c   0x0000278c   0x0000003a   Code   RO           36    .text.TriggerPulse  main.o
    0x000027c6   0x000027c6   0x00000002   PAD
    0x000027c8   0x000027c8   0x00000012   Code   RO           58    .text.TurnOffPowerLED  main.o
    0x000027da   0x000027da   0x00000002   PAD
    0x000027dc   0x000027dc   0x00000012   Code   RO           56    .text.TurnOnPowerLED  main.o
    0x000027ee   0x000027ee   0x00000002   PAD
    0x000027f0   0x000027f0   0x00000100   Code   RO           38    .text.WTIMER0A_Handler  main.o
    0x000028f0   0x000028f0   0x00000038   Code   RO           68    .text.__NVIC_DisableIRQ  main.o
    0x00002928   0x00002928   0x00000030   Code   RO           12    .text.__NVIC_EnableIRQ  main.o
    0x00002958   0x00002958   0x00000094   Code   RO           44    .text.dynamicPlot   main.o
    0x000029ec   0x000029ec   0x0000003a   Code   RO          111    .text.lcddatawrite  nokia5110.o
    0x00002a26   0x00002a26   0x00000002   PAD
    0x00002a28   0x00002a28   0x00000090   Code   RO          107    .text.lcdwrite      nokia5110.o
    0x00002ab8   0x00002ab8   0x000001c0   Code   RO           66    .text.main          main.o
    0x00002c78   0x00002c78   0x00000022   Code   RO           40    .text.mapAngleToX   main.o
    0x00002c9a   0x00002c9a   0x00000002   PAD
    0x00002c9c   0x00002c9c   0x00000034   Code   RO           42    .text.mapDistanceToY  main.o
    0x00002cd0   0x00002cd0   0x00000098   Code   RO            8    .text.printFloat    main.o
    0x00002d68   0x00002d68   0x0000007e   Code   RO            4    .text.printInt      main.o
    0x00002de6   0x00002de6   0x00000002   PAD
    0x00002de8   0x00002de8   0x00000024   Code   RO            2    .text.printString   main.o
    0x00002e0c   0x00002e0c   0x0000003e   Code   RO          353    CL$$btod_d2e        c_w.l(btod.o)
    0x00002e4a   0x00002e4a   0x00000046   Code   RO          355    CL$$btod_d2e_denorm_low  c_w.l(btod.o)
    0x00002e90   0x00002e90   0x00000060   Code   RO          354    CL$$btod_d2e_norm_op1  c_w.l(btod.o)
    0x00002ef0   0x00002ef0   0x00000338   Code   RO          363    CL$$btod_div_common  c_w.l(btod.o)
    0x00003228   0x00003228   0x000000dc   Code   RO          360    CL$$btod_e2e        c_w.l(btod.o)
    0x00003304   0x00003304   0x0000002a   Code   RO          357    CL$$btod_ediv       c_w.l(btod.o)
    0x0000332e   0x0000332e   0x0000002a   Code   RO          356    CL$$btod_emul       c_w.l(btod.o)
    0x00003358   0x00003358   0x00000244   Code   RO          362    CL$$btod_mult_common  c_w.l(btod.o)
    0x0000359c   0x0000359c   0x000000b0   Code   RO          143    Timer5Code          timer_init.o
    0x0000364c   0x0000364c   0x00000030   Code   RO          390    i.__ARM_fpclassify  m_wm.l(fpclassify.o)
    0x0000367c   0x0000367c   0x0000000e   Code   RO          254    i._is_digit         c_w.l(__printf_wp.o)
    0x0000368a   0x0000368a   0x00000002   PAD
    0x0000368c   0x0000368c   0x0000002c   Code   RO          378    locale$$code        c_w.l(lc_numeric_c.o)
    0x000036b8   0x000036b8   0x0000002c   Code   RO          400    locale$$code        c_w.l(lc_ctype_c.o)
    0x000036e4   0x000036e4   0x00000062   Code   RO          175    x$fpl$d2f           fz_wm.l(d2f.o)
    0x00003746   0x00003746   0x00000002   PAD
    0x00003748   0x00003748   0x000002b8   Code   RO          178    x$fpl$ddiv          fz_wm.l(ddiv.o)
    0x00003a00   0x00003a00   0x0000005a   Code   RO          181    x$fpl$dfixu         fz_wm.l(dfixu.o)
    0x00003a5a   0x00003a5a   0x00000026   Code   RO          185    x$fpl$dfltu         fz_wm.l(dflt_clz.o)
    0x00003a80   0x00003a80   0x00000154   Code   RO          191    x$fpl$dmul          fz_wm.l(dmul.o)
    0x00003bd4   0x00003bd4   0x0000009c   Code   RO          287    x$fpl$dnaninf       fz_wm.l(dnaninf.o)
    0x00003c70   0x00003c70   0x0000000c   Code   RO          289    x$fpl$dretinf       fz_wm.l(dretinf.o)
    0x00003c7c   0x00003c7c   0x00000056   Code   RO          193    x$fpl$f2d           fz_wm.l(f2d.o)
    0x00003cd2   0x00003cd2   0x0000008c   Code   RO          291    x$fpl$fnaninf       fz_wm.l(fnaninf.o)
    0x00003d5e   0x00003d5e   0x0000001a   Code   RO          462    x$fpl$fpinit        fz_wm.l(fpinit.o)
    0x00003d78   0x00003d78   0x0000000a   Code   RO          293    x$fpl$fretinf       fz_wm.l(fretinf.o)
    0x00003d82   0x00003d82   0x00000004   Code   RO          295    x$fpl$printf1       fz_wm.l(printf1.o)
    0x00003d86   0x00003d86   0x00000004   Code   RO          297    x$fpl$printf2       fz_wm.l(printf2.o)
    0x00003d8a   0x00003d8a   0x00000000   Code   RO          303    x$fpl$usenofp       fz_wm.l(usenofp.o)
    0x00003d8a   0x00003d8a   0x00000002   PAD
    0x00003d8c   0x00003d8c   0x00000008   Data   RO          213    .constdata          c_w.l(_printf_wctomb.o)
    0x00003d94   0x00003d94   0x00000028   Data   RO          242    .constdata          c_w.l(_printf_hex_int_ll_ptr.o)
    0x00003dbc   0x00003dbc   0x00000011   Data   RO          262    .constdata          c_w.l(__printf_flags_ss_wp.o)
    0x00003dcd   0x00003dcd   0x00000026   Data   RO          328    .constdata          c_w.l(_printf_fp_hex.o)
    0x00003df3   0x00003df3   0x00000001   PAD
    0x00003df4   0x00003df4   0x00000094   Data   RO          351    .constdata          c_w.l(bigflt0.o)
    0x00003e88   0x00003e88   0x000001e0   Data   RO          133    .rodata.ASCII       nokia5110.o
    0x00004068   0x00004068   0x00000008   Data   RO          136    .rodata.Masks       nokia5110.o
    0x00004070   0x00004070   0x00000004   Data   RO           87    .rodata.stepSequence  main.o
    0x00004074   0x00004074   0x000001df   Data   RO           74    .rodata.str1.1      main.o
    0x00004253   0x00004253   0x00000001   PAD
    0x00004254   0x00004254   0x00000020   Data   RO          537    Region$$Table       anon$$obj.o
    0x00004274   0x00004274   0x0000001c   Data   RO          377    locale$$data        c_w.l(lc_numeric_c.o)
    0x00004290   0x00004290   0x00000110   Data   RO          399    locale$$data        c_w.l(lc_ctype_c.o)


    Execution Region ER_RW (Exec base: 0x20000000, Load base: 0x000043a0, Size: 0x0000000c, Max: 0xffffffff, ABSOLUTE)

    Exec Addr    Load Addr    Size         Type   Attr      Idx    E Section Name        Object

    0x20000000   0x000043a0   0x00000004   Data   RW           75    .data.TEMP_THRESHOLD  main.o
    0x20000004   0x000043a4   0x00000004   Data   RW           86    .data.WTIMER0A_Handler.is_rising_edge  main.o
    0x20000008   0x000043a8   0x00000004   Data   RW           85    .data.distance      main.o


    Execution Region ER_ZI (Exec base: 0x20000010, Load base: 0x000043ac, Size: 0x00000ae0, Max: 0xffffffff, ABSOLUTE)

    Exec Addr    Load Addr    Size         Type   Attr      Idx    E Section Name        Object

    0x20000010        -       0x00000060   Zero   RW          393    .bss                c_w.l(libspace.o)
    0x20000070        -       0x000001f8   Zero   RW          135    .bss.Screen         nokia5110.o
    0x20000268        -       0x000002d0   Zero   RW           89    .bss.angleArray     main.o
    0x20000538        -       0x00000032   Zero   RW           90    .bss.buffer         main.o
    0x2000056a        -       0x00000001   Zero   RW           80    .bss.bufferIndex    main.o
    0x2000056b   0x000043ac   0x00000001   PAD
    0x2000056c        -       0x00000002   Zero   RW           76    .bss.dig_T1         main.o
    0x2000056e        -       0x00000002   Zero   RW           77    .bss.dig_T2         main.o
    0x20000570        -       0x00000002   Zero   RW           78    .bss.dig_T3         main.o
    0x20000572        -       0x00000168   Zero   RW           88    .bss.distanceArray  main.o
    0x200006da   0x000043ac   0x00000002   PAD
    0x200006dc        -       0x00000004   Zero   RW           83    .bss.fallingEdge    main.o
    0x200006e0        -       0x00000001   Zero   RW           91    .bss.isDeepSleepPressed  main.o
    0x200006e1   0x000043ac   0x00000003   PAD
    0x200006e4        -       0x00000004   Zero   RW           84    .bss.pulseWidth     main.o
    0x200006e8        -       0x00000001   Zero   RW           81    .bss.readingsCount  main.o
    0x200006e9   0x000043ac   0x00000003   PAD
    0x200006ec        -       0x00000004   Zero   RW           82    .bss.risingEdge     main.o
    0x200006f0        -       0x00000200   Zero   RW           79    .bss.temperatureBuffer  main.o
    0x200008f0        -       0x00000000   Zero   RW          147    HEAP                startup_tm4c123.o
    0x200008f0        -       0x00000200   Zero   RW          146    STACK               startup_tm4c123.o


==============================================================================

Image component sizes


      Code (inc. data)   RO Data    RW Data    ZI Data      Debug   Object Name

      4930         24        483         12       1663      17205   main.o
       962          0        488          0        504       4256   nokia5110.o
       220         52          0          0          0        304   outchar.o
       276         24        620          0        512       5432   startup_tm4c123.o
        18          0          0          0          0       6681   system_tm4c123.o
       176         38          0          0          0        252   timer_init.o

    ----------------------------------------------------------------------
      6616        138       1624         12       2688      34130   Object Totals
         0          0         32          0          0          0   (incl. Generated)
        34          0          1          0          9          0   (incl. Padding)

    ----------------------------------------------------------------------

      Code (inc. data)   RO Data    RW Data    ZI Data      Debug   Library Member Name

         8          0          0          0          0         68   __main.o
       392          4         17          0          0         92   __printf_flags_ss_wp.o
        14          0          0          0          0         68   __printf_wp.o
         0          0          0          0          0          0   __rtentry.o
        12          0          0          0          0          0   __rtentry2.o
         6          0          0          0          0          0   __rtentry4.o
        94          8          0          0          0          0   __scatter.o
        26          0          0          0          0          0   __scatter_copy.o
        28          0          0          0          0          0   __scatter_zi.o
        72          0          0          0          0         96   _c16rtomb.o
         6          0          0          0          0          0   _printf_a.o
         6          0          0          0          0          0   _printf_c.o
        44          0          0          0          0        108   _printf_char.o
        48          6          0          0          0         96   _printf_char_common.o
        40          0          0          0          0         68   _printf_charcount.o
         6          0          0          0          0          0   _printf_d.o
       120         16          0          0          0         92   _printf_dec.o
         6          0          0          0          0          0   _printf_e.o
         6          0          0          0          0          0   _printf_f.o
      1052          0          0          0          0        148   _printf_fp_dec.o
       764          8         38          0          0        100   _printf_fp_hex.o
       128         16          0          0          0         84   _printf_fp_infnan.o
         6          0          0          0          0          0   _printf_g.o
       148          4         40          0          0        160   _printf_hex_int_ll_ptr.o
         6          0          0          0          0          0   _printf_i.o
       178          0          0          0          0         88   _printf_intcommon.o
        10          0          0          0          0          0   _printf_l.o
         6          0          0          0          0          0   _printf_lc.o
        10          0          0          0          0          0   _printf_ll.o
         6          0          0          0          0          0   _printf_lld.o
         6          0          0          0          0          0   _printf_lli.o
         6          0          0          0          0          0   _printf_llo.o
         6          0          0          0          0          0   _printf_llu.o
         6          0          0          0          0          0   _printf_llx.o
       124         16          0          0          0         92   _printf_longlong_dec.o
         6          0          0          0          0          0   _printf_ls.o
         6          0          0          0          0          0   _printf_n.o
         6          0          0          0          0          0   _printf_o.o
       112          8          0          0          0        124   _printf_oct_int_ll.o
         6          0          0          0          0          0   _printf_p.o
        78          0          0          0          0        108   _printf_pad.o
         0          0          0          0          0          0   _printf_percent.o
         4          0          0          0          0          0   _printf_percent_end.o
         6          0          0          0          0          0   _printf_s.o
        82          0          0          0          0         80   _printf_str.o
        36          0          0          0          0         84   _printf_truncate.o
         6          0          0          0          0          0   _printf_u.o
        44          0          0          0          0        108   _printf_wchar.o
       188          6          8          0          0         92   _printf_wctomb.o
         6          0          0          0          0          0   _printf_x.o
        10          0          0          0          0         68   _sputc.o
       228          4        148          0          0         96   bigflt0.o
      1936        128          0          0          0        668   btod.o
        18          0          0          0          0         80   exit.o
         6          0          0          0          0        152   heapauxi.o
         0          0          0          0          0          0   indicate_semi.o
        44         10        272          0          0         76   lc_ctype_c.o
        44         10         28          0          0         76   lc_numeric_c.o
         2          0          0          0          0          0   libinit.o
        34          0          0          0          0          0   libinit2.o
         2          0          0          0          0          0   libshutdown.o
         2          0          0          0          0          0   libshutdown2.o
         8          4          0          0         96         68   libspace.o
       138          0          0          0          0         80   lludiv10.o
        16          4          0          0          0         76   rt_ctype_table.o
         8          4          0          0          0         68   rt_locale_intlibspace.o
         2          0          0          0          0          0   rtexit.o
        10          0          0          0          0          0   rtexit2.o
        44          6          0          0          0         84   sprintf.o
       124          0          0          0          0         88   strcmpv7em.o
        12          4          0          0          0         68   sys_exit.o
        74          0          0          0          0         80   sys_stackheap_outer.o
         2          0          0          0          0         68   use_no_semi.o
        98          4          0          0          0        140   d2f.o
       696        140          0          0          0        264   ddiv.o
        90          4          0          0          0        140   dfixu.o
        38          0          0          0          0        116   dflt_clz.o
       340         12          0          0          0        152   dmul.o
       156          4          0          0          0        140   dnaninf.o
        12          0          0          0          0        116   dretinf.o
        86          4          0          0          0        132   f2d.o
       140          4          0          0          0        132   fnaninf.o
        26          0          0          0          0        116   fpinit.o
        10          0          0          0          0        116   fretinf.o
         4          0          0          0          0        116   printf1.o
         4          0          0          0          0        116   printf2.o
         0          0          0          0          0          0   usenofp.o
        48          0          0          0          0        124   fpclassify.o

    ----------------------------------------------------------------------
      8520        442        552          0         96       5772   Library Totals
        26          4          1          0          0          0   (incl. Padding)

    ----------------------------------------------------------------------

      Code (inc. data)   RO Data    RW Data    ZI Data      Debug   Library Name

      6746        266        551          0         96       3852   c_w.l
      1700        172          0          0          0       1796   fz_wm.l
        48          0          0          0          0        124   m_wm.l

    ----------------------------------------------------------------------
      8520        442        552          0         96       5772   Library Totals

    ----------------------------------------------------------------------

==============================================================================


      Code (inc. data)   RO Data    RW Data    ZI Data      Debug   

     15136        580       2176         12       2784      36702   Grand Totals
     15136        580       2176         12       2784      36702   ELF Image Totals
     15136        580       2176         12          0          0   ROM Totals

==============================================================================

    Total RO  Size (Code + RO Data)                17312 (  16.91kB)
    Total RW  Size (RW Data + ZI Data)              2796 (   2.73kB)
    Total ROM Size (Code + RO Data + RW Data)      17324 (  16.92kB)

==============================================================================

